\BOOKMARK [1][-]{section.1}{\376\377\000I\000n\000t\000r\000o\000d\000u\000c\000t\000i\000o\000n}{}% 1
\BOOKMARK [2][-]{subsection.1.1}{\376\377\000P\000r\000o\000b\000l\000e\000m\000\040\000S\000t\000a\000t\000e\000m\000e\000n\000t}{section.1}% 2
\BOOKMARK [2][-]{subsection.1.2}{\376\377\000C\000o\000n\000t\000r\000i\000b\000u\000t\000i\000o\000n\000s}{section.1}% 3
\BOOKMARK [2][-]{subsection.1.3}{\376\377\000R\000e\000p\000o\000r\000t\000\040\000S\000t\000r\000u\000c\000t\000u\000r\000e}{section.1}% 4
\BOOKMARK [1][-]{section.2}{\376\377\000T\000h\000e\000o\000r\000e\000t\000i\000c\000a\000l\000\040\000F\000r\000a\000m\000e\000w\000o\000r\000k\000\040\000\046\000\040\000M\000e\000t\000h\000o\000d\000o\000l\000o\000g\000y}{}% 5
\BOOKMARK [2][-]{subsection.2.1}{\376\377\000F\000o\000u\000n\000d\000a\000t\000i\000o\000n\000s\000:\000\040\000T\000h\000e\000\040\000F\000e\000l\000l\000e\000g\000i\000-\000S\000u\000n\000t\000e\000r\000\040\000P\000r\000o\000b\000a\000b\000i\000l\000i\000s\000t\000i\000c\000\040\000M\000o\000d\000e\000l}{section.2}% 6
\BOOKMARK [3][-]{subsubsection.2.1.1}{\376\377\000M\000o\000d\000e\000l\000\040\000S\000e\000t\000u\000p}{subsection.2.1}% 7
\BOOKMARK [3][-]{subsubsection.2.1.2}{\376\377\000M\000a\000t\000c\000h\000\040\000W\000e\000i\000g\000h\000t\000\040\000a\000n\000d\000\040\000P\000o\000s\000t\000e\000r\000i\000o\000r\000\040\000P\000r\000o\000b\000a\000b\000i\000l\000i\000t\000y}{subsection.2.1}% 8
\BOOKMARK [3][-]{subsubsection.2.1.3}{\376\377\000P\000a\000r\000a\000m\000e\000t\000e\000r\000\040\000E\000s\000t\000i\000m\000a\000t\000i\000o\000n}{subsection.2.1}% 9
\BOOKMARK [2][-]{subsection.2.2}{\376\377\000T\000w\000o\000\040\000F\000r\000a\000m\000e\000w\000o\000r\000k\000s\000\040\000f\000o\000r\000\040\000G\000l\000o\000b\000a\000l\000\040\000E\000n\000t\000i\000t\000y\000\040\000R\000e\000s\000o\000l\000u\000t\000i\000o\000n}{section.2}% 10
\BOOKMARK [2][-]{subsection.2.3}{\376\377\000F\000r\000a\000m\000e\000w\000o\000r\000k\000\040\0001\000:\000\040\000S\000c\000o\000r\000e\000\040\000A\000g\000g\000r\000e\000g\000a\000t\000i\000o\000n\000\040\000\050\000L\000o\000c\000a\000l\000\040\000\040\000G\000l\000o\000b\000a\000l\000\051}{section.2}% 11
\BOOKMARK [3][-]{subsubsection.2.3.1}{\376\377\000L\000o\000c\000a\000l\000\040\000C\000o\000l\000u\000m\000n\000\040\000C\000o\000m\000p\000a\000r\000i\000s\000o\000n\000\040\000F\000u\000n\000c\000t\000i\000o\000n\000s\000\040\000\050\000F\000r\000a\000m\000e\000w\000o\000r\000k\000\040\0001\000\040\000I\000n\000p\000u\000t\000\051}{subsection.2.3}% 12
\BOOKMARK [3][-]{subsubsection.2.3.2}{\376\377\000A\000g\000g\000r\000e\000g\000a\000t\000i\000o\000n\000\040\000F\000u\000n\000c\000t\000i\000o\000n\000s}{subsection.2.3}% 13
\BOOKMARK [3][-]{subsubsection.2.3.3}{\376\377\000E\000x\000t\000e\000n\000s\000i\000o\000n\000:\000\040\000U\000s\000i\000n\000g\000\040\000a\000g\000g\000r\000e\000g\000a\000t\000i\000o\000n\000\040\000f\000u\000n\000c\000t\000i\000o\000n\000s\000\040\000a\000s\000\040\000s\000e\000c\000o\000n\000d\000-\000l\000e\000v\000e\000l\000\040\000c\000o\000m\000p\000a\000r\000i\000s\000o\000n\000s}{subsection.2.3}% 14
\BOOKMARK [2][-]{subsection.2.4}{\376\377\000F\000r\000a\000m\000e\000w\000o\000r\000k\000\040\0002\000:\000\040\000P\000r\000o\000f\000i\000l\000e\000\040\000A\000g\000g\000r\000e\000g\000a\000t\000i\000o\000n\000\040\000\050\000B\000e\000h\000a\000v\000i\000o\000u\000r\000a\000l\000\040\000P\000r\000o\000f\000i\000l\000e\000\040\000M\000a\000t\000c\000h\000i\000n\000g\000\051}{section.2}% 15
\BOOKMARK [3][-]{subsubsection.2.4.1}{\376\377\000B\000e\000h\000a\000v\000i\000o\000u\000r\000a\000l\000\040\000P\000r\000o\000f\000i\000l\000e\000\040\000C\000o\000n\000s\000t\000r\000u\000c\000t\000i\000o\000n}{subsection.2.4}% 16
\BOOKMARK [3][-]{subsubsection.2.4.2}{\376\377\000P\000r\000o\000f\000i\000l\000e\000\040\000M\000a\000t\000c\000h\000i\000n\000g\000:\000\040\000S\000e\000t\000\040\000S\000i\000m\000i\000l\000a\000r\000i\000t\000y\000\040\000o\000n\000\040\000P\000r\000o\000f\000i\000l\000e\000s}{subsection.2.4}% 17
\BOOKMARK [3][-]{subsubsection.2.4.3}{\376\377\000A\000p\000p\000l\000y\000i\000n\000g\000\040\000S\000p\000l\000i\000n\000k\000\040\000t\000o\000\040\000P\000r\000o\000f\000i\000l\000e\000\040\000V\000e\000c\000t\000o\000r\000s}{subsection.2.4}% 18
\BOOKMARK [3][-]{subsubsection.2.4.4}{\376\377\000S\000e\000t\000\040\000S\000i\000m\000i\000l\000a\000r\000i\000t\000y\000\040\000C\000o\000m\000p\000a\000r\000i\000s\000o\000n\000\040\000F\000u\000n\000c\000t\000i\000o\000n\000s}{subsection.2.4}% 19
\BOOKMARK [3][-]{subsubsection.2.4.5}{\376\377\000N\000u\000m\000e\000r\000i\000c\000a\000l\000\040\000R\000a\000n\000g\000e\000\040\000O\000v\000e\000r\000l\000a\000p}{subsection.2.4}% 20
\BOOKMARK [2][-]{subsection.2.5}{\376\377\000B\000l\000o\000c\000k\000i\000n\000g\000\040\000S\000t\000r\000a\000t\000e\000g\000y\000\040\000\046\000\040\000P\000a\000r\000a\000m\000e\000t\000e\000r\000\040\000E\000s\000t\000i\000m\000a\000t\000i\000o\000n\000\040\000P\000i\000p\000e\000l\000i\000n\000e}{section.2}% 21
\BOOKMARK [3][-]{subsubsection.2.5.1}{\376\377\000U\000n\000d\000e\000r\000l\000y\000i\000n\000g\000\040\000P\000r\000o\000b\000a\000b\000i\000l\000i\000t\000i\000e\000s\000:\000\040\000m\000,\000\040\000u\000,\000\040\000a\000n\000d\000\040\000t\000h\000e\000\040\000P\000r\000i\000o\000r\000\040}{subsection.2.5}% 22
\BOOKMARK [3][-]{subsubsection.2.5.2}{\376\377\000O\000p\000e\000r\000a\000t\000i\000o\000n\000a\000l\000\040\000B\000l\000o\000c\000k\000i\000n\000g\000\040\000S\000t\000a\000g\000e\000s\000\040\000a\000n\000d\000\040\000M\000a\000t\000h\000e\000m\000a\000t\000i\000c\000a\000l\000\040\000R\000a\000t\000i\000o\000n\000a\000l\000e\000s}{subsection.2.5}% 23
\BOOKMARK [1][-]{section.3}{\376\377\000S\000y\000s\000t\000e\000m\000\040\000I\000m\000p\000l\000e\000m\000e\000n\000t\000a\000t\000i\000o\000n\000\040\000\046\000\040\000T\000o\000o\000l\000i\000n\000g}{}% 24
\BOOKMARK [2][-]{subsection.3.1}{\376\377\000D\000a\000t\000a\000\040\000G\000e\000n\000e\000r\000a\000t\000i\000o\000n\000:\000\040\000S\000y\000n\000t\000h\000e\000t\000i\000c\000\040\000C\000o\000r\000r\000u\000p\000t\000i\000o\000n\000\040\000P\000i\000p\000e\000l\000i\000n\000e}{section.3}% 25
\BOOKMARK [3][-]{subsubsection.3.1.1}{\376\377\000C\000o\000n\000f\000i\000g\000u\000r\000a\000t\000i\000o\000n\000\040\000\050\000Y\000A\000M\000L\000\051}{subsection.3.1}% 26
\BOOKMARK [3][-]{subsubsection.3.1.2}{\376\377\000N\000o\000i\000s\000e\000\040\000M\000o\000d\000e\000l\000s}{subsection.3.1}% 27
\BOOKMARK [3][-]{subsubsection.3.1.3}{\376\377\000L\000a\000t\000e\000n\000t\000\040\000E\000v\000e\000n\000t\000\040\000I\000D\000s}{subsection.3.1}% 28
\BOOKMARK [2][-]{subsection.3.2}{\376\377\000P\000r\000o\000f\000i\000l\000e\000\040\000A\000g\000g\000r\000e\000g\000a\000t\000i\000o\000n\000\040\000E\000n\000g\000i\000n\000e}{section.3}% 29
\BOOKMARK [2][-]{subsection.3.3}{\376\377\000S\000p\000l\000i\000n\000k\000\040\000C\000o\000n\000f\000i\000g\000u\000r\000a\000t\000i\000o\000n\000\040\000O\000v\000e\000r\000v\000i\000e\000w}{section.3}% 30
\BOOKMARK [2][-]{subsection.3.4}{\376\377\000B\000l\000o\000c\000k\000i\000n\000g\000\040\000R\000u\000l\000e\000s\000\040\000D\000e\000s\000i\000g\000n}{section.3}% 31
\BOOKMARK [2][-]{subsection.3.5}{\376\377\000E\000M\000\040\000T\000r\000a\000i\000n\000i\000n\000g\000\040\000S\000c\000h\000e\000d\000u\000l\000e}{section.3}% 32
\BOOKMARK [1][-]{section.4}{\376\377\000E\000x\000p\000e\000r\000i\000m\000e\000n\000t\000a\000l\000\040\000M\000e\000t\000h\000o\000d\000o\000l\000o\000g\000y}{}% 33
\BOOKMARK [2][-]{subsection.4.1}{\376\377\000D\000a\000t\000a\000s\000e\000t\000s}{section.4}% 34
\BOOKMARK [2][-]{subsection.4.2}{\376\377\000E\000v\000a\000l\000u\000a\000t\000i\000o\000n\000\040\000P\000r\000o\000t\000o\000c\000o\000l}{section.4}% 35
\BOOKMARK [3][-]{subsubsection.4.2.1}{\376\377\000S\000y\000n\000t\000h\000e\000t\000i\000c\000\040\000D\000a\000t\000a\000:\000\040\000G\000r\000o\000u\000n\000d\000-\000T\000r\000u\000t\000h\000\040\000A\000v\000a\000i\000l\000a\000b\000l\000e}{subsection.4.2}% 36
\BOOKMARK [3][-]{subsubsection.4.2.2}{\376\377\000P\000u\000b\000l\000i\000c\000\040\000D\000a\000t\000a\000:\000\040\000N\000o\000\040\000G\000r\000o\000u\000n\000d\000\040\000T\000r\000u\000t\000h}{subsection.4.2}% 37
\BOOKMARK [3][-]{subsubsection.4.2.3}{\376\377\000M\000e\000t\000r\000i\000c\000s}{subsection.4.2}% 38
\BOOKMARK [2][-]{subsection.4.3}{\376\377\000B\000a\000s\000e\000l\000i\000n\000e\000s\000\040\000a\000n\000d\000\040\000A\000b\000l\000a\000t\000i\000o\000n\000s}{section.4}% 39
\BOOKMARK [2][-]{subsection.4.4}{\376\377\000C\000o\000m\000p\000u\000t\000a\000t\000i\000o\000n\000a\000l\000\040\000E\000n\000v\000i\000r\000o\000n\000m\000e\000n\000t}{section.4}% 40
\BOOKMARK [1][-]{section.5}{\376\377\000E\000x\000p\000e\000r\000i\000m\000e\000n\000t\000a\000l\000\040\000R\000e\000s\000u\000l\000t\000s\000\040\000\046\000\040\000D\000i\000s\000c\000u\000s\000s\000i\000o\000n}{}% 41
\BOOKMARK [2][-]{subsection.5.1}{\376\377\000E\000x\000p\000e\000r\000i\000m\000e\000n\000t\000\040\0001\000:\000\040\000b\000a\000s\000e\000\040\000S\000y\000n\000t\000h\000e\000t\000i\000c\000\040\000D\000a\000t\000a\000s\000e\000t\000\040\000-\000\040\000s\000p\000l\000i\000n\000k\000\137\000l\000o\000c\000a\000l\000\137\000d\000e\000m\000o\000.\000i\000p\000y\000n\000b}{section.5}% 42
\BOOKMARK [3][-]{subsubsection.5.1.1}{\376\377\000D\000a\000t\000a\000s\000e\000t\000\040\000D\000e\000s\000c\000r\000i\000p\000t\000i\000o\000n}{subsection.5.1}% 43
\BOOKMARK [3][-]{subsubsection.5.1.2}{\376\377\000B\000l\000o\000c\000k\000i\000n\000g\000\040\000R\000u\000l\000e\000s\000\040\000D\000e\000s\000i\000g\000n}{subsection.5.1}% 44
\BOOKMARK [3][-]{subsubsection.5.1.3}{\376\377\000C\000o\000m\000p\000a\000r\000i\000s\000o\000n\000\040\000L\000e\000v\000e\000l\000s}{subsection.5.1}% 45
\BOOKMARK [3][-]{subsubsection.5.1.4}{\376\377\000L\000o\000c\000a\000l\000\040\000P\000a\000i\000r\000w\000i\000s\000e\000\040\000M\000a\000t\000c\000h\000i\000n\000g\000\040\000R\000e\000s\000u\000l\000t\000s}{subsection.5.1}% 46
\BOOKMARK [3][-]{subsubsection.5.1.5}{\376\377\000T\000h\000r\000e\000s\000h\000o\000l\000d\000\040\000S\000e\000l\000e\000c\000t\000i\000o\000n\000\040\000a\000n\000d\000\040\000R\000e\000s\000u\000l\000t\000s}{subsection.5.1}% 47
\BOOKMARK [3][-]{subsubsection.5.1.6}{\376\377\000L\000o\000c\000a\000l\000\040\000m\000a\000t\000c\000h\000i\000n\000g\000\040\000-\000\040\000D\000i\000s\000c\000u\000s\000s\000i\000o\000n}{subsection.5.1}% 48
\BOOKMARK [3][-]{subsubsection.5.1.7}{\376\377\000B\000l\000o\000c\000k\000i\000n\000g\000\040\000E\000f\000f\000i\000c\000i\000e\000n\000c\000y}{subsection.5.1}% 49
\BOOKMARK [3][-]{subsubsection.5.1.8}{\376\377\000L\000o\000c\000a\000l\000-\000t\000o\000-\000G\000l\000o\000b\000a\000l\000\040\000A\000g\000g\000r\000e\000g\000a\000t\000i\000o\000n\000\040\000A\000n\000a\000l\000y\000s\000i\000s}{subsection.5.1}% 50
\BOOKMARK [3][-]{subsubsection.5.1.9}{\376\377\000G\000l\000o\000b\000a\000l\000\040\000A\000g\000g\000r\000e\000g\000a\000t\000i\000o\000n\000\040\000-\000\040\000D\000i\000s\000c\000u\000s\000s\000i\000o\000n}{subsection.5.1}% 51
\BOOKMARK [2][-]{subsection.5.2}{\376\377\000E\000x\000p\000e\000r\000i\000m\000e\000n\000t\000\040\0002\000:\000\040\000S\000y\000n\000t\000h\000e\000t\000i\000c\000\040\000D\000a\000t\000a\000s\000e\000t\000\040\000V\000a\000r\000i\000a\000n\000t\000s}{section.5}% 52
\BOOKMARK [3][-]{subsubsection.5.2.1}{\376\377\000V\000a\000r\000i\000a\000n\000t\000\040\000O\000v\000e\000r\000v\000i\000e\000w}{subsection.5.2}% 53
\BOOKMARK [3][-]{subsubsection.5.2.2}{\376\377\000C\000o\000n\000f\000i\000g\000u\000r\000a\000t\000i\000o\000n}{subsection.5.2}% 54
\BOOKMARK [3][-]{subsubsection.5.2.3}{\376\377\000R\000e\000s\000u\000l\000t\000s\000\040\000S\000u\000m\000m\000a\000r\000y}{subsection.5.2}% 55
\BOOKMARK [3][-]{subsubsection.5.2.4}{\376\377\000I\000n\000t\000e\000n\000t}{subsection.5.2}% 56
\BOOKMARK [3][-]{subsubsection.5.2.5}{\376\377\000s\000m\000a\000l\000l\000e\000s\000t\000\040\000V\000a\000r\000i\000a\000n\000t}{subsection.5.2}% 57
\BOOKMARK [3][-]{subsubsection.5.2.6}{\376\377\000L\000o\000c\000a\000l\000-\000t\000o\000-\000G\000l\000o\000b\000a\000l\000\040\000A\000g\000g\000r\000e\000g\000a\000t\000i\000o\000n\000\040\000A\000n\000a\000l\000y\000s\000i\000s}{subsection.5.2}% 58
\BOOKMARK [3][-]{subsubsection.5.2.7}{\376\377\000l\000o\000w\000\137\000c\000a\000r\000d\000\040\000V\000a\000r\000i\000a\000n\000t}{subsection.5.2}% 59
\BOOKMARK [3][-]{subsubsection.5.2.8}{\376\377\000L\000o\000c\000a\000l\000-\000t\000o\000-\000G\000l\000o\000b\000a\000l\000\040\000A\000g\000g\000r\000e\000g\000a\000t\000i\000o\000n\000\040\000A\000n\000a\000l\000y\000s\000i\000s}{subsection.5.2}% 60
\BOOKMARK [3][-]{subsubsection.5.2.9}{\376\377\000o\0005\0000\000\040\000V\000a\000r\000i\000a\000n\000t}{subsection.5.2}% 61
\BOOKMARK [3][-]{subsubsection.5.2.10}{\376\377\000L\000o\000c\000a\000l\000-\000t\000o\000-\000G\000l\000o\000b\000a\000l\000\040\000A\000g\000g\000r\000e\000g\000a\000t\000i\000o\000n\000\040\000A\000n\000a\000l\000y\000s\000i\000s}{subsection.5.2}% 62
\BOOKMARK [2][-]{subsection.5.3}{\376\377\000E\000x\000p\000e\000r\000i\000m\000e\000n\000t\000\040\0003\000:\000\040\000P\000u\000b\000l\000i\000c\000\040\000D\000a\000t\000a\000s\000e\000t\000\040\000V\000a\000l\000i\000d\000a\000t\000i\000o\000n\000:\000\040\000M\000u\000s\000i\000c\000B\000r\000a\000i\000n\000z}{section.5}% 63
\BOOKMARK [3][-]{subsubsection.5.3.1}{\376\377\000D\000e\000s\000c\000r\000i\000p\000t\000i\000o\000n}{subsection.5.3}% 64
\BOOKMARK [3][-]{subsubsection.5.3.2}{\376\377\000C\000o\000n\000f\000i\000g\000u\000r\000a\000t\000i\000o\000n}{subsection.5.3}% 65
\BOOKMARK [3][-]{subsubsection.5.3.3}{\376\377\000B\000l\000o\000c\000k\000i\000n\000g\000\040\000E\000f\000f\000i\000c\000i\000e\000n\000c\000y}{subsection.5.3}% 66
\BOOKMARK [3][-]{subsubsection.5.3.4}{\376\377\000L\000o\000c\000a\000l\000-\000t\000o\000-\000G\000l\000o\000b\000a\000l\000\040\000A\000g\000g\000r\000e\000g\000a\000t\000i\000o\000n\000\040\000A\000n\000a\000l\000y\000s\000i\000s}{subsection.5.3}% 67
\BOOKMARK [3][-]{subsubsection.5.3.5}{\376\377\000D\000i\000s\000c\000u\000s\000s\000i\000o\000n}{subsection.5.3}% 68
\BOOKMARK [2][-]{subsection.5.4}{\376\377\000E\000x\000p\000e\000r\000i\000m\000e\000n\000t\000\040\0004\000:\000\040\000B\000e\000h\000a\000v\000i\000o\000u\000r\000a\000l\000\040\000A\000g\000g\000r\000e\000g\000a\000t\000i\000o\000n\000\040\000E\000x\000p\000e\000r\000i\000m\000e\000n\000t\000s}{section.5}% 69
\BOOKMARK [3][-]{subsubsection.5.4.1}{\376\377\000D\000e\000s\000c\000r\000i\000p\000t\000i\000o\000n}{subsection.5.4}% 70
\BOOKMARK [3][-]{subsubsection.5.4.2}{\376\377\000C\000o\000n\000f\000i\000g\000u\000r\000a\000t\000i\000o\000n}{subsection.5.4}% 71
\BOOKMARK [3][-]{subsubsection.5.4.3}{\376\377\000D\000i\000s\000c\000u\000s\000s\000i\000o\000n}{subsection.5.4}% 72
\BOOKMARK [2][-]{subsection.5.5}{\376\377\000E\000x\000p\000e\000r\000i\000m\000e\000n\000t\000\040\0005\000:\000\040\000H\000i\000e\000r\000a\000r\000c\000h\000i\000c\000a\000l\000\040\0002\000-\000L\000a\000y\000e\000r\000\040\000S\000p\000l\000i\000n\000k\000\040\000A\000p\000p\000r\000o\000a\000c\000h}{section.5}% 73
\BOOKMARK [3][-]{subsubsection.5.5.1}{\376\377\000D\000e\000s\000c\000r\000i\000p\000t\000i\000o\000n}{subsection.5.5}% 74
\BOOKMARK [3][-]{subsubsection.5.5.2}{\376\377\000C\000o\000n\000f\000i\000g\000u\000r\000a\000t\000i\000o\000n}{subsection.5.5}% 75
\BOOKMARK [3][-]{subsubsection.5.5.3}{\376\377\000R\000e\000s\000u\000l\000t\000s}{subsection.5.5}% 76
\BOOKMARK [3][-]{subsubsection.5.5.4}{\376\377\000D\000i\000s\000c\000u\000s\000s\000i\000o\000n}{subsection.5.5}% 77
\BOOKMARK [1][-]{section.6}{\376\377\000E\000d\000g\000e\000\040\000C\000a\000s\000e\000s\000\040\000\046\000\040\000S\000t\000r\000u\000c\000t\000u\000r\000a\000l\000\040\000E\000x\000t\000r\000e\000m\000i\000t\000i\000e\000s\000:\000\040\000C\000a\000r\000d\000i\000n\000a\000l\000i\000t\000y\000\040\000B\000r\000e\000a\000k\000d\000o\000w\000n}{}% 78
\BOOKMARK [2][-]{subsection.6.1}{\376\377\000F\000a\000i\000l\000u\000r\000e\000\040\000M\000o\000d\000e\000s\000\040\000a\000t\000\040\000L\000o\000w\000\040\000C\000a\000r\000d\000i\000n\000a\000l\000i\000t\000y}{section.6}% 79
\BOOKMARK [3][-]{subsubsection.6.1.1}{\376\377\000I\000n\000d\000e\000p\000e\000n\000d\000e\000n\000c\000e\000\040\000A\000s\000s\000u\000m\000p\000t\000i\000o\000n\000\040\000V\000i\000o\000l\000a\000t\000i\000o\000n}{subsection.6.1}% 80
\BOOKMARK [3][-]{subsubsection.6.1.2}{\376\377\000C\000o\000m\000b\000i\000n\000a\000t\000o\000r\000i\000a\000l\000\040\000E\000x\000p\000l\000o\000s\000i\000o\000n\000\040\000i\000n\000\040\000C\000o\000m\000p\000a\000r\000i\000s\000o\000n\000\040\000S\000p\000a\000c\000e}{subsection.6.1}% 81
\BOOKMARK [3][-]{subsubsection.6.1.3}{\376\377\000S\000p\000a\000r\000s\000e\000\040\000P\000a\000r\000a\000m\000e\000t\000e\000r\000\040\000E\000s\000t\000i\000m\000a\000t\000i\000o\000n}{subsection.6.1}% 82
\BOOKMARK [3][-]{subsubsection.6.1.4}{\376\377\000A\000g\000g\000r\000e\000g\000a\000t\000i\000o\000n\000\040\000r\000o\000b\000u\000s\000t\000n\000e\000s\000s}{subsection.6.1}% 83
\BOOKMARK [1][-]{section.7}{\376\377\000D\000i\000s\000c\000u\000s\000s\000i\000o\000n}{}% 84
\BOOKMARK [2][-]{subsection.7.1}{\376\377\000O\000n\000\040\000c\000o\000n\000f\000i\000d\000e\000n\000c\000e\000\040\000s\000c\000o\000r\000e\000s\000\040\000a\000n\000d\000\040\000t\000h\000e\000\040\000F\000e\000l\000l\000e\000g\000i\000-\000S\000u\000n\000t\000e\000r\000\040\000m\000o\000d\000e\000l}{section.7}% 85
\BOOKMARK [2][-]{subsection.7.2}{\376\377\000S\000p\000l\000i\000n\000k\000,\000\040\000a\000n\000d\000\040\000m\000o\000d\000e\000r\000n\000\040\000F\000e\000l\000l\000e\000g\000i\000-\000S\000u\000n\000t\000e\000r}{section.7}% 86
\BOOKMARK [2][-]{subsection.7.3}{\376\377\000L\000i\000m\000i\000t\000a\000t\000i\000o\000n\000s}{section.7}% 87
\BOOKMARK [1][-]{section.8}{\376\377\000F\000u\000t\000u\000r\000e\000\040\000W\000o\000r\000k\000\040\000\046\000\040\000C\000o\000n\000c\000l\000u\000s\000i\000o\000n}{}% 88
\BOOKMARK [2][-]{subsection.8.1}{\376\377\000F\000u\000t\000u\000r\000e\000\040\000W\000o\000r\000k}{section.8}% 89
\BOOKMARK [3][-]{subsubsection.8.1.1}{\376\377\0001\000.\000\040\000A\000u\000t\000o\000m\000a\000t\000e\000d\000\040\000T\000h\000r\000e\000s\000h\000o\000l\000d\000\040\000S\000e\000l\000e\000c\000t\000i\000o\000n\000\040\000v\000i\000a\000\040\000M\000i\000x\000t\000u\000r\000e\000\040\000M\000o\000d\000e\000l\000s}{subsection.8.1}% 90
\BOOKMARK [3][-]{subsubsection.8.1.2}{\376\377\000F\000u\000r\000t\000h\000e\000r\000\040\000e\000x\000p\000l\000o\000r\000a\000t\000i\000o\000n\000\040\000i\000n\000t\000o\000\040\000h\000i\000e\000r\000a\000r\000c\000h\000i\000c\000a\000l\000\040\000p\000r\000o\000b\000a\000b\000i\000l\000i\000s\000t\000i\000c\000\040\000l\000i\000n\000k\000a\000g\000e}{subsection.8.1}% 91
\BOOKMARK [3][-]{subsubsection.8.1.3}{\376\377\000A\000c\000t\000i\000v\000e\000\040\000L\000e\000a\000r\000n\000i\000n\000g\000\040\000\046\000\040\000L\000a\000b\000e\000l\000\040\000M\000i\000n\000i\000m\000i\000s\000a\000t\000i\000o\000n}{subsection.8.1}% 92
\BOOKMARK [3][-]{subsubsection.8.1.4}{\376\377\000M\000u\000l\000t\000i\000-\000S\000o\000u\000r\000c\000e\000\040\000\050\000K\000\040\000>\000\040\0002\000\051\000\040\000G\000l\000o\000b\000a\000l\000\040\000R\000e\000s\000o\000l\000u\000t\000i\000o\000n}{subsection.8.1}% 93
\BOOKMARK [3][-]{subsubsection.8.1.5}{\376\377\000D\000i\000s\000t\000r\000i\000b\000u\000t\000e\000d\000\040\000S\000p\000l\000i\000n\000k\000\040\000o\000n\000\040\000S\000p\000a\000r\000k\000\040\000f\000o\000r\000\040\000S\000c\000a\000l\000e}{subsection.8.1}% 94
\BOOKMARK [3][-]{subsubsection.8.1.6}{\376\377\000T\000e\000m\000p\000o\000r\000a\000l\000\040\000E\000n\000t\000i\000t\000y\000\040\000R\000e\000s\000o\000l\000u\000t\000i\000o\000n}{subsection.8.1}% 95
\BOOKMARK [3][-]{subsubsection.8.1.7}{\376\377\000S\000e\000m\000a\000n\000t\000i\000c\000\040\000A\000u\000g\000m\000e\000n\000t\000a\000t\000i\000o\000n\000\040\000\050\000L\000L\000M\000\040\000H\000y\000b\000r\000i\000d\000\051}{subsection.8.1}% 96
\BOOKMARK [2][-]{subsection.8.2}{\376\377\000C\000o\000n\000c\000l\000u\000s\000i\000o\000n}{section.8}% 97
\BOOKMARK [1][-]{appendix.A}{\376\377\000S\000u\000m\000m\000a\000r\000y\000\040\000o\000f\000\040\000E\000n\000t\000i\000t\000y\000\040\000R\000e\000s\000o\000l\000u\000t\000i\000o\000n\000\040\000M\000e\000t\000h\000o\000d\000o\000l\000o\000g\000i\000e\000s}{}% 98
\BOOKMARK [1][-]{appendix.B}{\376\377\000M\000a\000t\000h\000e\000m\000a\000t\000i\000c\000a\000l\000\040\000D\000e\000r\000i\000v\000a\000t\000i\000o\000n\000s}{}% 99
\BOOKMARK [1][-]{appendix.C}{\376\377\000F\000e\000l\000l\000e\000g\000i\000-\000S\000u\000n\000t\000e\000r\000\040\000M\000o\000d\000e\000l\000\040\000D\000e\000r\000i\000v\000a\000t\000i\000o\000n}{}% 100
\BOOKMARK [2][-]{subsection.C.1}{\376\377\000F\000r\000o\000m\000\040\000H\000y\000p\000o\000t\000h\000e\000s\000i\000s\000\040\000T\000e\000s\000t\000\040\000t\000o\000\040\000M\000a\000t\000c\000h\000\040\000W\000e\000i\000g\000h\000t}{appendix.C}% 101
\BOOKMARK [2][-]{subsection.C.2}{\376\377\000P\000o\000s\000t\000e\000r\000i\000o\000r\000\040\000M\000a\000t\000c\000h\000\040\000P\000r\000o\000b\000a\000b\000i\000l\000i\000t\000y}{appendix.C}% 102
\BOOKMARK [2][-]{subsection.C.3}{\376\377\000E\000M\000\040\000A\000l\000g\000o\000r\000i\000t\000h\000m\000\040\000D\000e\000r\000i\000v\000a\000t\000i\000o\000n}{appendix.C}% 103
\BOOKMARK [2][-]{subsection.C.4}{\376\377\000B\000l\000o\000c\000k\000e\000d\000\040\000E\000M}{appendix.C}% 104
\BOOKMARK [1][-]{appendix.D}{\376\377\000A\000g\000g\000r\000e\000g\000a\000t\000i\000o\000n\000\040\000F\000u\000n\000c\000t\000i\000o\000n\000\040\000P\000r\000o\000p\000e\000r\000t\000i\000e\000s}{}% 105
\BOOKMARK [1][-]{appendix.E}{\376\377\000S\000e\000t\000\040\000S\000i\000m\000i\000l\000a\000r\000i\000t\000y\000\040\000M\000e\000t\000r\000i\000c\000s}{}% 106
\BOOKMARK [2][-]{subsection.E.1}{\376\377\000M\000o\000n\000g\000e\000-\000E\000l\000k\000a\000n}{appendix.E}% 107
\BOOKMARK [2][-]{subsection.E.2}{\376\377\000S\000o\000f\000t\000\040\000J\000a\000c\000c\000a\000r\000d}{appendix.E}% 108
\BOOKMARK [2][-]{subsection.E.3}{\376\377\000M\000a\000g\000n\000i\000t\000u\000d\000e\000-\000W\000e\000i\000g\000h\000t\000e\000d\000\040\000C\000o\000s\000i\000n\000e}{appendix.E}% 109
\BOOKMARK [1][-]{appendix.F}{\376\377\000C\000a\000r\000d\000i\000n\000a\000l\000i\000t\000y\000\040\000B\000r\000e\000a\000k\000d\000o\000w\000n\000\040\000A\000n\000a\000l\000y\000s\000i\000s}{}% 110
\BOOKMARK [1][-]{appendix.G}{\376\377\000D\000a\000t\000a\000\040\000G\000e\000n\000e\000r\000a\000t\000i\000o\000n\000\040\000I\000m\000p\000l\000e\000m\000e\000n\000t\000a\000t\000i\000o\000n}{}% 111
\BOOKMARK [1][-]{appendix.H}{\376\377\000M\000a\000i\000n\000\040\000E\000n\000t\000r\000y\000\040\000P\000o\000i\000n\000t\000:\000\040\000g\000e\000n\000e\000r\000a\000t\000e\000\137\000d\000a\000t\000a\000.\000p\000y}{}% 112
\BOOKMARK [1][-]{appendix.I}{\376\377\000C\000o\000n\000f\000i\000g\000u\000r\000a\000t\000i\000o\000n\000:\000\040\000d\000a\000t\000a\000\137\000g\000e\000n\000e\000r\000a\000t\000o\000r\000/\000c\000o\000n\000f\000i\000g\000.\000y\000a\000m\000l}{}% 113
\BOOKMARK [1][-]{appendix.J}{\376\377\000C\000o\000r\000e\000\040\000M\000o\000d\000u\000l\000e\000s}{}% 114
\BOOKMARK [2][-]{subsection.J.1}{\376\377\000d\000a\000t\000a\000\137\000g\000e\000n\000e\000r\000a\000t\000o\000r\000/\000e\000n\000t\000i\000t\000y\000m\000a\000n\000a\000g\000e\000r\000.\000p\000y}{appendix.J}% 115
\BOOKMARK [2][-]{subsection.J.2}{\376\377\000d\000a\000t\000a\000\137\000g\000e\000n\000e\000r\000a\000t\000o\000r\000/\000p\000i\000p\000e\000l\000i\000n\000e\000.\000p\000y}{appendix.J}% 116
\BOOKMARK [2][-]{subsection.J.3}{\376\377\000d\000a\000t\000a\000\137\000g\000e\000n\000e\000r\000a\000t\000o\000r\000/\000g\000e\000n\000e\000r\000a\000t\000o\000r\000.\000p\000y}{appendix.J}% 117
\BOOKMARK [1][-]{appendix.K}{\376\377\000C\000o\000n\000f\000i\000g\000u\000r\000a\000t\000i\000o\000n\000\040\000V\000a\000r\000i\000a\000n\000t\000s}{}% 118
\BOOKMARK [1][-]{appendix.L}{\376\377\000U\000n\000i\000f\000i\000e\000d\000\040\000S\000o\000f\000t\000\040\000S\000t\000r\000i\000n\000g\000-\000M\000a\000t\000c\000h\000i\000n\000g\000\040\000M\000e\000t\000r\000i\000c\000s\000\040\000F\000r\000a\000m\000e\000w\000o\000r\000k}{}% 119
\BOOKMARK [1][-]{appendix.M}{\376\377\000D\000e\000f\000i\000n\000i\000t\000i\000o\000n\000s\000\040\000a\000n\000d\000\040\000N\000o\000t\000a\000t\000i\000o\000n}{}% 120
\BOOKMARK [1][-]{appendix.N}{\376\377\000T\000h\000e\000\040\000F\000o\000u\000r\000\040\000S\000o\000f\000t\000\040\000M\000e\000t\000r\000i\000c\000s}{}% 121
\BOOKMARK [2][-]{subsection.N.1}{\376\377\000M\000o\000n\000g\000e\000-\000E\000l\000k\000a\000n\000\040\000S\000i\000m\000i\000l\000a\000r\000i\000t\000y\000\040\000\050\000A\000s\000y\000m\000m\000e\000t\000r\000i\000c\000\051}{appendix.N}% 122
\BOOKMARK [2][-]{subsection.N.2}{\376\377\000S\000y\000m\000m\000e\000t\000r\000i\000c\000\040\000S\000o\000f\000t\000\040\000J\000a\000c\000c\000a\000r\000d\000\040\000S\000i\000m\000i\000l\000a\000r\000i\000t\000y}{appendix.N}% 123
\BOOKMARK [2][-]{subsection.N.3}{\376\377\000S\000y\000m\000m\000e\000t\000r\000i\000c\000\040\000S\000o\000f\000t\000\040\000D\000i\000c\000e\000\040\000C\000o\000e\000f\000f\000i\000c\000i\000e\000n\000t}{appendix.N}% 124
\BOOKMARK [2][-]{subsection.N.4}{\376\377\000S\000o\000f\000t\000\040\000S\000i\000m\000p\000s\000o\000n\000\040\000C\000o\000e\000f\000f\000i\000c\000i\000e\000n\000t\000\040\000\050\000O\000v\000e\000r\000l\000a\000p\000\040\000M\000e\000t\000r\000i\000c\000\051}{appendix.N}% 125
\BOOKMARK [1][-]{appendix.O}{\376\377\000U\000n\000i\000f\000i\000e\000d\000\040\000B\000i\000n\000n\000e\000d\000\040\000C\000o\000m\000p\000a\000r\000i\000s\000o\000n\000\040\000L\000o\000g\000i\000c}{}% 126
\BOOKMARK [1][-]{appendix.P}{\376\377\000D\000u\000c\000k\000D\000B\000\040\000S\000Q\000L\000\040\000I\000m\000p\000l\000e\000m\000e\000n\000t\000a\000t\000i\000o\000n\000s}{}% 127
\BOOKMARK [2][-]{subsection.P.1}{\376\377\000S\000o\000f\000t\000\040\000J\000a\000c\000c\000a\000r\000d}{appendix.P}% 128
\BOOKMARK [2][-]{subsection.P.2}{\376\377\000M\000o\000n\000g\000e\000-\000E\000l\000k\000a\000n}{appendix.P}% 129
\BOOKMARK [2][-]{subsection.P.3}{\376\377\000S\000o\000f\000t\000\040\000D\000i\000c\000e}{appendix.P}% 130
\BOOKMARK [2][-]{subsection.P.4}{\376\377\000S\000o\000f\000t\000\040\000S\000i\000m\000p\000s\000o\000n}{appendix.P}% 131
\BOOKMARK [1][-]{appendix.Q}{\376\377\000P\000r\000o\000p\000e\000r\000t\000i\000e\000s\000\040\000S\000u\000m\000m\000a\000r\000y}{}% 132
\BOOKMARK [1][-]{appendix.R}{\376\377\000U\000s\000a\000g\000e\000\040\000R\000e\000c\000o\000m\000m\000e\000n\000d\000a\000t\000i\000o\000n\000s}{}% 133
\BOOKMARK [1][-]{appendix.S}{\376\377\000A\000r\000t\000i\000s\000t\000\040\000M\000a\000t\000c\000h\000i\000n\000g\000\040\000G\000r\000o\000u\000n\000d\000\040\000T\000r\000u\000t\000h\000\040\000a\000n\000d\000\040\000P\000r\000e\000c\000i\000s\000i\000o\000n\000/\000R\000e\000c\000a\000l\000l\000\040\000G\000u\000a\000r\000a\000n\000t\000e\000e\000s}{}% 134
\BOOKMARK [2][-]{subsection.S.1}{\376\377\000S\000u\000b\000s\000e\000t\000\040\000P\000r\000e\000c\000i\000s\000i\000o\000n\000\040\000i\000s\000\040\000a\000\040\000L\000o\000w\000e\000r\000\040\000B\000o\000u\000n\000d\000\040\000o\000n\000\040\000T\000r\000u\000e\000\040\000P\000r\000e\000c\000i\000s\000i\000o\000n}{appendix.S}% 135
\BOOKMARK [2][-]{subsection.S.2}{\376\377\000A\000r\000t\000i\000s\000t\000\040\000M\000a\000t\000c\000h\000i\000n\000g\000\040\000P\000r\000i\000o\000r\000\040\000a\000n\000d\000\040\000R\000e\000c\000a\000l\000l\000\040\000E\000s\000t\000i\000m\000a\000t\000i\000o\000n\000\040\000u\000n\000d\000e\000r\000\040\000C\000l\000u\000s\000t\000e\000r\000e\000d\000\040\000N\000o\000i\000s\000e}{appendix.S}% 136
\BOOKMARK [3][-]{subsubsection.S.2.1}{\376\377\000P\000r\000e\000s\000e\000r\000v\000a\000t\000i\000o\000n\000\040\000o\000f\000\040\000t\000h\000e\000\040\000T\000r\000u\000e\000\040\000M\000a\000t\000c\000h\000\040\000P\000r\000i\000o\000r\000\040\000\050\000p\000\051}{subsection.S.2}% 137
\BOOKMARK [3][-]{subsubsection.S.2.2}{\376\377\000C\000l\000u\000s\000t\000e\000r\000e\000d\000\040\000N\000o\000i\000s\000e\000\040\000a\000n\000d\000\040\000C\000a\000p\000t\000u\000r\000e\000d\000\040\000P\000r\000e\000d\000i\000c\000t\000i\000v\000e\000\040\000I\000n\000f\000l\000a\000t\000i\000o\000n\000\040\000\050\000q\000\051}{subsection.S.2}% 138
